[2m17:02:39[22m [34m[content][39m Syncing content
[2m17:02:39[22m [34m[content][39m Synced content
[2m17:02:39[22m [34m[types][39m Generated [2m1.11s[22m
[2m17:02:39[22m [34m[check][39m Getting diagnostics for Astro files in C:\Users\elsem\Documents\web-jmperezbu\portfolio-astro...
[96msrc/components/Chatbot.astro[0m:[93m117[0m:[93m7[0m - [91merror[0m[90m ts(2322): [0mType '{ options?: { label?: string; next?: string; action?: { type?: "link" | "scroll" | "restart"; target?: string; }; }[]; id?: string; message?: string; }[]' is not assignable to type 'ChatbotNode[]'.
  Type '{ options?: { label?: string; next?: string; action?: { type?: "link" | "scroll" | "restart"; target?: string; }; }[]; id?: string; message?: string; }' is not assignable to type 'ChatbotNode'.
    Property 'id' is optional in type '{ options?: { label?: string; next?: string; action?: { type?: "link" | "scroll" | "restart"; target?: string; }; }[]; id?: string; message?: string; }' but required in type 'ChatbotNode'.

[7m117[0m const allNodes: ChatbotNode[] = [
[7m   [0m [91m      ~~~~~~~~[0m
[96msrc/components/Chatbot.astro[0m:[93m98[0m:[93m7[0m - [91merror[0m[90m ts(2322): [0mType '{ options: { label?: string; next?: string; action?: { type?: "link" | "scroll" | "restart"; target?: string; }; }[]; id?: string; message?: string; }' is not assignable to type 'ChatbotNode'.
  Property 'id' is optional in type '{ options: { label?: string; next?: string; action?: { type?: "link" | "scroll" | "restart"; target?: string; }; }[]; id?: string; message?: string; }' but required in type 'ChatbotNode'.

[7m98[0m const contactNode: ChatbotNode | undefined = curatedContactNode && {
[7m  [0m [91m      ~~~~~~~~~~~[0m
[96msrc/components/Chatbot.astro[0m:[93m186[0m:[93m3[0m - [93mwarning[0m[90m astro(4000): [0mThis script will be treated as if it has the `is:inline` directive because it contains an attribute. Therefore, features that require processing (e.g. using TypeScript or npm packages in the script) are unavailable.

See docs for more details: https://docs.astro.build/en/guides/client-side-scripts/#script-processing.

Add the `is:inline` directive explicitly to silence this hint.

[7m186[0m   type="application/json"
[7m   [0m [93m  ~~~~[0m

[96msrc/components/ContactInfo.astro[0m:[93m12[0m:[93m33[0m - [93mwarning[0m[90m ts(6133): [0m'blueskyUrl' is declared but its value is never read.

[7m12[0m const { githubUrl, linkedinUrl, blueskyUrl } = Astro.props;
[7m  [0m [93m                                ~~~~~~~~~~[0m
[96msrc/components/ContactInfo.astro[0m:[93m4[0m:[93m1[0m - [93mwarning[0m[90m ts(6133): [0m'Bluesky' is declared but its value is never read.

[7m4[0m import Bluesky from "./icons/Bluesky.astro";
[7m [0m [93m~~~~~~~~~~~~~~~~~~~~~~~~~~~~~~~~~~~~~~~~~~~~[0m

[96msrc/components/Header.astro[0m:[93m219[0m:[93m13[0m - [93mwarning[0m[90m ts(6133): [0m'isHidden' is declared but its value is never read.

[7m219[0m       const isHidden = mobileMenu?.classList.contains("hidden");
[7m   [0m [93m            ~~~~~~~~[0m

[96msrc/components/PersonJsonLd.astro[0m:[93m31[0m:[93m9[0m - [93mwarning[0m[90m astro(4000): [0mThis script will be treated as if it has the `is:inline` directive because it contains an attribute. Therefore, features that require processing (e.g. using TypeScript or npm packages in the script) are unavailable.

See docs for more details: https://docs.astro.build/en/guides/client-side-scripts/#script-processing.

Add the `is:inline` directive explicitly to silence this hint.

[7m31[0m <script type="application/ld+json" set:html={JSON.stringify(personSchema)} />
[7m  [0m [93m        ~~~~[0m

[96msrc/components/ProjectsSection.astro[0m:[93m35[0m:[93m13[0m - [91merror[0m[90m ts(2322): [0mType '{ src?: string; width?: number; height?: number; format?: "png" | "jpg" | "jpeg" | "tiff" | "webp" | "gif" | "svg" | "avif"; }' is not assignable to type 'ImageMetadata'.
  Property 'src' is optional in type '{ src?: string; width?: number; height?: number; format?: "png" | "jpg" | "jpeg" | "tiff" | "webp" | "gif" | "svg" | "avif"; }' but required in type 'ImageMetadata'.

[7m35[0m             thumbnail={project.data.thumbnail}
[7m  [0m [91m            ~~~~~~~~~[0m

[96msrc/components/icons/Figma.astro[0m:[93m7[0m:[93m41[0m - [93mwarning[0m[90m ts(6133): [0m'className' is declared but its value is never read.

[7m7[0m const { width = 20, height = 28, class: className = "" } = Astro.props;
[7m [0m [93m                                        ~~~~~~~~~[0m

[96msrc/content/config.ts[0m:[93m106[0m:[93m38[0m - [91merror[0m[90m ts(2322): [0mType 'ImageFunction' is not assignable to type '() => ZodType<ImageMetadata, ZodTypeDef, ImageMetadata>'.
  Call signature return types 'ZodObject<{ src: ZodString; width: ZodNumber; height: ZodNumber; format: ZodUnion<[ZodLiteral<"png">, ZodLiteral<"jpg">, ZodLiteral<"jpeg">, ... 4 more ..., ZodLiteral<...>]>; }, UnknownKeysParam, ZodTypeAny, { ...; }, { ...; }>' and 'ZodType<ImageMetadata, ZodTypeDef, ImageMetadata>' are incompatible.
    The types of '_type' are incompatible between these types.
      Type '{ src?: string; width?: number; height?: number; format?: "png" | "jpg" | "jpeg" | "tiff" | "webp" | "gif" | "svg" | "avif"; }' is not assignable to type 'ImageMetadata'.
        Property 'src' is optional in type '{ src?: string; width?: number; height?: number; format?: "png" | "jpg" | "jpeg" | "tiff" | "webp" | "gif" | "svg" | "avif"; }' but required in type 'ImageMetadata'.

[7m106[0m     pageContent: pageContentSchema({ image }).optional(),
[7m   [0m [91m                                     ~~~~~[0m

[96msrc/data/site.ts[0m:[93m1[0m:[93m1[0m - [93mwarning[0m[90m ts(6133): [0m'Bluesky' is declared but its value is never read.

[7m1[0m import Bluesky from "../components/icons/Bluesky.astro";
[7m [0m [93m~~~~~~~~~~~~~~~~~~~~~~~~~~~~~~~~~~~~~~~~~~~~~~~~~~~~~~~~[0m

Result (48 files): 
- 4 errors
- 0 warnings
- 7 hints

